// Jest Snapshot v1, https://goo.gl/fbAQLP

exports[`<App /> Snapshot 1`] = `
<div
  className="row"
  style={
    Object {
      "backgroundColor": "#E1E2E1",
    }
  }
>
  <header
    className="col s12"
  >
    <nav
      style={
        Object {
          "backgroundColor": "#004D40",
        }
      }
    >
      <div
        className="nav-wrapper"
      >
        <a
          className="brand-logo"
          href="#"
          style={
            Object {
              "opacity": 0.8,
              "paddingLeft": "15px",
            }
          }
        >
          <i
            className="material-icons"
          >
            subscriptions
          </i>
          My Movies
        </a>
        <ul
          className="right"
          id="nav-mobile"
        >
          <li>
            <a
              className="waves-effect waves-light"
              href="#"
            >
              <i
                className="material-icons"
                onClick={[Function]}
              >
                search
              </i>
            </a>
          </li>
        </ul>
      </div>
    </nav>
  </header>
  <div
    className="col l8 m12 s12 offset-l2"
    style={Object {}}
  >
    <div
      className="row"
    >
      <div
        className="col l10 m10 offset-m1 s12"
      />
      <div
        className="col l2 m10 offset-m1 s12"
      />
    </div>
    <div
      className="row hide-on-small-only"
    />
  </div>
  <footer
    className="page-footer"
    style={
      Object {
        "backgroundColor": "#006958",
        "clear": "both",
      }
    }
  >
    <div
      className="container"
    >
      <div
        className="row"
      >
        <div
          className="col l6 s12"
        >
          <h5
            className="white-text"
          >
            Footer Content
          </h5>
          <p
            className="grey-text text-lighten-4"
          >
            You can use rows and columns here to organize your footer content.
          </p>
        </div>
        <div
          className="col l4 offset-l2 s12"
        >
          <h5
            className="white-text"
          >
            Links
          </h5>
          <ul>
            <li>
              <a
                className="grey-text text-lighten-3"
                href="#!"
              >
                Link 1
              </a>
            </li>
          </ul>
        </div>
      </div>
    </div>
    <div
      className="footer-copyright"
      style={
        Object {
          "backgroundColor": "#004D40",
        }
      }
    >
      <div
        className="container"
      >
        Â© 2014 Copyright Text
        <a
          className="grey-text text-lighten-4 right"
          href="#!"
        >
          More Links
        </a>
      </div>
    </div>
  </footer>
</div>
`;
